[{"sensor":"ds18b20","sensor_id":"28-0123456789ab","value":22.5,"unit":"C","timestamp":1737500000,"node_id":"node001"}]
[{"sensor":"ds18b20","sensor_id":"28-0123456789ab","value":22.7,"unit":"C","timestamp":1737503600,"node_id":"node001"}]
[{"sensor":"ds18b20","sensor_id":"28-0123456789ab","value":23.1,"unit":"C","timestamp":1737507200,"node_id":"node001"}]
[{"sensor":"ds18b20","sensor_id":"28-0123456789ab","value":22.9,"unit":"C","timestamp":1737510800,"node_id":"node001"}]
[{"sensor":"ds18b20","sensor_id":"28-0123456789ab","value":22.4,"unit":"C","timestamp":1737514400,"node_id":"node001"}]
[{"sensor":"ds18b20","sensor_id":"28-0123456789ab","value":85,"unit":"C","timestamp":1737518000,"node_id":"node001"}]
[{"sensor":"ds18b20","sensor_id":"28-0123456789ab","value":21.8,"unit":"C","timestamp":1737521600,"node_id":"node001"}]
[{"sensor":"ds18b20","sensor_id":"28-0123456789ab","value":21.5,"unit":"C","timestamp":1737525200,"node_id":"node001"}]
[{"sensor":"ds18b20","sensor_id":"28-0123456789ab","value":-127,"unit":"C","timestamp":1737528800,"node_id":"node001"}]
[{"sensor":"ds18b20","sensor_id":"28-0123456789ab","value":21.2,"unit":"C","timestamp":1737532400,"node_id":"node001"}]
[{"sensor":"dht22","sensor_id":"dht22_001","value":45.2,"unit":"%","timestamp":1737500000,"node_id":"node001"}]
[{"sensor":"dht22","sensor_id":"dht22_001","value":46.1,"unit":"%","timestamp":1737503600,"node_id":"node001"}]
[{"sensor":"dht22","sensor_id":"dht22_001","value":47.8,"unit":"%","timestamp":1737507200,"node_id":"node001"}]
[{"sensor":"dht22","sensor_id":"dht22_001","value":48.3,"unit":"%","timestamp":1737510800,"node_id":"node001"}]
[{"sensor":"dht22","sensor_id":"dht22_001","value":46.9,"unit":"%","timestamp":1737514400,"node_id":"node001"}]
[{"sensor":"bme680","sensor_id":"bme680_main","value":1013.25,"unit":"hPa","timestamp":1737500000,"node_id":"node002"}]
[{"sensor":"bme680","sensor_id":"bme680_main","value":1013.18,"unit":"hPa","timestamp":1737503600,"node_id":"node002"}]
[{"sensor":"bme680","sensor_id":"bme680_main","value":1012.95,"unit":"hPa","timestamp":1737507200,"node_id":"node002"}]
[{"sensor":"bme680","sensor_id":"bme680_main","value":1012.80,"unit":"hPa","timestamp":1737510800,"node_id":"node002"}]
[{"sensor":"bme680","sensor_id":"bme680_main","value":1013.05,"unit":"hPa","timestamp":1737514400,"node_id":"node002"}]
